// Jest Snapshot v1, https://goo.gl/fbAQLP

exports[`<LocaleToggle /> should match the snapshot 1`] = `
<div
  class="Wrapper-vds4a3-0 kUMZyf"
>
  <select
    class="Select-hz8i2d-0 kHFlBd"
  >
    <option
      value="en"
    >
      en
    </option>
    <option
      value="de"
    >
      de
    </option>
  </select>
</div>
`;
