// Jest Snapshot v1, https://goo.gl/fbAQLP

exports[`<Header /> should render a div 1`] = `
<div>
  <a
    class="A-sc-1ot2mkk-0 A-sc-1kpbh3l-0 bPOAxy"
    href="https://www.reactboilerplate.com/"
  >
    <img
      alt="react-boilerplate - Logo"
      class="Img-d8f1of-0 cncePB"
      src="IMAGE_MOCK"
    />
  </a>
  <div
    class="NavBar-sc-1s3yc3c-0 dqLnJL"
  >
    <a
      class="HeaderLink-sc-1xmuhpd-0 hlGWT"
      href="/"
    >
      <span>
        Home
      </span>
    </a>
    <a
      class="HeaderLink-sc-1xmuhpd-0 hlGWT"
      href="/features"
    >
      <span>
        Features
      </span>
    </a>
  </div>
</div>
`;
